../Core/Src/main.cpp:84:5:int main()	40	static
../Core/Src/main.cpp:183:6:void SystemClock_Config()	88	static
../Core/Src/main.cpp:227:13:void MX_TIM1_Init()	80	static
../Core/Src/main.cpp:302:13:void MX_TIM3_Init()	56	static
../Core/Src/main.cpp:349:13:void MX_TIM4_Init()	56	static
../Core/Src/main.cpp:396:13:void MX_USART2_UART_Init()	8	static
../Core/Src/main.cpp:427:13:void MX_USART6_UART_Init()	8	static
../Core/Src/main.cpp:458:13:void MX_GPIO_Init()	48	static
../Core/Src/main.cpp:510:6:void Error_Handler()	4	static,ignoring_inline_asm
../Core/Src/main.cpp:517:1:void __static_initialization_and_destruction_0()	8	static
../Core/Src/main.cpp:517:1:cpp)	8	static
